          0 :                            cpu     6809
          0 :                            include "mc6809.inc"
(1)       0 :                    ;;; -*- mode: asm; mode: flyspell-prog; -*-
(1)       0 :
(1)       0 :                    ;;; Condition Code Register (CC)
(1)       0 : =1                 CC_CARRY      equ  %00000001   ; set to 1 if carry occurred
(1)       0 : =2                 CC_OVERFLOW   equ  %00000010   ; set to 1 if overflow occurred
(1)       0 : =4                 CC_ZERO       equ  %00000100   ; set to 1 if result is zero
(1)       0 : =8                 CC_NEGATIVE   equ  %00001000   ; set to 1 if result is negative
(1)       0 : =10                CC_IRQ        equ  %00010000   ; if 1, IRQ is masked
(1)       0 : =20                CC_HALF_CARRY equ  %00100000   ; if 1, decimal carry from least digit occurred
(1)       0 : =40                CC_FIRQ       equ  %01000000   ; if 1, FIRQ is masked
(1)       0 : =80                CC_ENTIRE     equ  %10000000   ; set to 1 if entire registers are pushed
(1)       0 :
(1)       0 :                    ;;; Vector
(1)       0 : =FFF2              VEC_SWI3:       equ     $FFF2  ; $FFF2: Software Interrupt 3
(1)       0 : =FFF4              VEC_SWI2:       equ     $FFF4  ; $FFF4: Software Interrupt 2
(1)       0 : =FFF6              VEC_FIRQ:       equ     $FFF6  ; $FFF6: Fast Interrupt Request
(1)       0 : =FFF8              VEC_IRQ:        equ     $FFF8  ; $FFF8: Interrupt Request
(1)       0 : =FFFA              VEC_SWI:        equ     $FFFA  ; $FFFA: Software Interrupt
(1)       0 : =FFFC              VEC_NMI:        equ     $FFFC  ; $FFFC: Non Maskable Interrupt
(1)       0 : =FFFE              VEC_RESET:      equ     $FFFE  ; $FFFE: Reset
          0 :
          0 :                    ;;; MC6850 Asynchronous Communication Interface Adapter
          0 : =DF00              ACIA:   equ     $DF00
          0 :                            include "mc6850.inc"
(1)       0 :                    ;;; -*- mode: asm; mode: flyspell-prog; -*-
(1)       0 :
(1)       0 :                    ;;; MC6850
(1)       0 :                    ;;; Asynchronous Communication Interface Adapter
(1)       0 :
(1)       0 :                    ;;; Control register
(1)       0 : =DF00              ACIA_control:   equ     ACIA+0
(1)       0 :                            ;; Counter Divider Select Bits
(1)       0 : =3                 CDS_gm:         equ     %11    ; Group mask
(1)       0 : =0                 CDS_DIV1_gc:    equ     %00000000 ; /1
(1)       0 : =1                 CDS_DIV16_gc:   equ     %00000001 ; /16
(1)       0 : =2                 CDS_DIV64_gc:   equ     %00000010 ; /64
(1)       0 : =3                 CDS_RESET_gc:   equ     %00000011 ; Master Reset
(1)       0 :                            ;; Word Select Bits
(1)       0 : =1C                WSB_gm:         equ     %00011100 ; Group mask
(1)       0 : =0                 WSB_7E2_gc:     equ     %00000000 ; 7 Bits + Even Parity + 2 Stop Bits
(1)       0 : =4                 WSB_7O2_gc:     equ     %00000100 ; 7 bits + Odd Parity  + 2 Stop Bits
(1)       0 : =8                 WSB_7E1_gc:     equ     %00001000 ; 7 bits + Even Parity + 1 Stop Bits
(1)       0 : =C                 WSB_7O1_gc:     equ     %00001100 ; 7 bits + Odd Parity  + 1 Stop Bits
(1)       0 : =10                WSB_8N2_gc:     equ     %00010000 ; 8 bits + No Parity   + 2 Stop Bits
(1)       0 : =14                WSB_8N1_gc:     equ     %00010100 ; 8 bits + No Parity   + 1 Stop Bits
(1)       0 : =18                WSB_8E1_gc:     equ     %00011000 ; 8 bits + Even Parity + 1 Stop Bits
(1)       0 : =1C                WSB_8O1_gc:     equ     %00011100 ; 8 bits + Odd Parity  + 1 Stop Bits
(1)       0 :                            ;; Transmit Control Bits
(1)       0 : =60                TCB_gm:         equ     %01100000 ; Group mask
(1)       0 : =0                 TCB_DI_gc:      equ     %00000000 ; RTS=Low,  Tx Interrupt Disabled
(1)       0 : =20                TCB_EI_gc:      equ     %00100000 ; RTS=Low,  Tx Interrupt Enabled
(1)       0 : =40                TCB_RTS_gc:     equ     %01000000 ; RTS=High, Tx Interrupt Disabled
(1)       0 : =60                TCB_BREAK_gc:   equ     %01100000 ; RTS=Low,  Tx Interrupt Disabled
(1)       0 :                                                      ; Transmit Break Level
(1)       0 : =80                RIEB_bm:        equ     %10000000 ; Receive Interrupt Enable Bit mask
(1)       0 :
(1)       0 :                    ;;; Status register
(1)       0 : =DF00              ACIA_status:    equ     ACIA+0
(1)       0 : =1                 RDRF_bm:        equ     %00000001 ; Receive Data Register Full
(1)       0 : =2                 TDRE_bm:        equ     %00000010 ; Transmit Data Register Empty
(1)       0 : =4                 DCDF_bm:        equ     %00000100 ; Data Carrier Detect Flag
(1)       0 : =8                 CTSF_bm:        equ     %00001000 ; Clear To Send Flag
(1)       0 : =10                FERR_bm:        equ     %00010000 ; Frame Error Flag
(1)       0 : =20                OVRN_bm:        equ     %00100000 ; Receiver Overrun Flag
(1)       0 : =40                PERR_bm:        equ     %01000000 ; Parity Error Flag
(1)       0 : =80                IRQF_bm:        equ     %10000000 ; Interrupt Request Flag
(1)       0 :
(1)       0 :                    ;;; Data register
(1)       0 : =DF01              ACIA_data:      equ     ACIA+1          ; Data register
          0 : =94                RX_INT_TX_NO:   equ     WSB_8N1_gc|RIEB_bm
          0 : =B4                RX_INT_TX_INT:  equ     WSB_8N1_gc|RIEB_bm|TCB_EI_gc
          0 :
         20 :                            org     $20
         20 :                    ;;; Working space for mandelbrot.inc
         20 : =32                F:      equ     50
         20 :                    vC:     rmb     2
         22 :                    vD:     rmb     2
         24 :                    vA:     rmb     2
         26 :                    vB:     rmb     2
         28 :                    vS:     rmb     2
         2A :                    vP:     rmb     2
         2C :                    vQ:     rmb     2
         2E :                    vT:     rmb     2
         30 :                    vY:     rmb     1
         31 :                    vX:     rmb     1
         32 :                    vI:     rmb     1
         33 :
         33 :                    ;;; Working space for arith.inc
         33 :                    R0:
         33 :                    R0H:    rmb     1
         34 :                    R0L:    rmb     1
         35 :                    R1:
         35 :                    R1H:    rmb     1
         36 :                    R1L:    rmb     1
         37 :                    R2:
         37 :                    R2H:    rmb     1
         38 :                    R2L:    rmb     1
         39 :
       2000 :                            org     $2000
       2000 : =80                rx_queue_size:  equ     128
       2000 :                    rx_queue:       rmb     rx_queue_size
       2080 : =80                tx_queue_size:  equ     128
       2080 :                    tx_queue:       rmb     tx_queue_size
       2100 :
       1000 :                            org     $1000
       1000 : =FFF               stack:  equ     *-1             ; MC6800's SP is post-decrement/pre-increment
       1000 :
       FFF8 :                            org     VEC_IRQ
       FFF8 : 03 7E                      fdb     isr_irq
       FFFA :
       FFFE :                            org     VEC_RESET
       FFFE : 01 00                      fdb     main
      10000 :
        100 :                            org     $0100
        100 :                    main:
        100 : 10 CE 0F FF                lds     #stack
        104 : 8E 20 00                   ldx     #rx_queue
        107 : C6 80                      ldb     #rx_queue_size
        109 : 17 02 27                   lbsr    queue_init
        10C : 8E 20 80                   ldx     #tx_queue
        10F : C6 80                      ldb     #tx_queue_size
        111 : 17 02 1F                   lbsr    queue_init
        114 :                            ;; initialize ACIA
        114 : 86 03                      lda     #CDS_RESET_gc   ; master reset
        116 : B7 DF 00                   sta     ACIA_control
        119 : 86 94                      lda     #RX_INT_TX_NO
        11B : B7 DF 00                   sta     ACIA_control
        11E : 1C EF                      andcc   #~CC_IRQ        ; Clear IRQ mask
        120 :
        120 :                    loop:
        120 : BD 01 65                   jsr     mandelbrot
        123 : BD 01 3A                   jsr     newline
        126 : 20 F8                      bra     loop
        128 :
        128 :                    ;;; Get character
        128 :                    ;;; @return A
        128 :                    ;;; @return CC.C 0 if no character
        128 :                    getchar:
        128 : 34 10                      pshs    x
        12A : 8E 20 00                   ldx     #rx_queue
        12D : 1A 10                      orcc    #CC_IRQ         ; disable IRQ
        12F : 17 02 2D                   lbsr     queue_remove
        132 : 1C EF                      andcc   #~CC_IRQ        ; enable IRQ
        134 : 35 90                      puls    x,pc
        136 :
        136 :                    ;;; Put character
        136 :                    ;;; @param A
        136 :                    putspace:
        136 : 86 20                      lda     #' '
        138 : 20 06                      bra     putchar
        13A :                    newline:
        13A : 86 0D                      lda     #$0D
        13C : 8D 02                      bsr     putchar
        13E : 86 0A                      lda     #$0A
        140 :                    putchar:
        140 : 34 12                      pshs    x,a
        142 : 8E 20 80                   ldx     #tx_queue
        145 :                    putchar_retry:
        145 : 1A 10                      orcc    #CC_IRQ         ; disable IRQ
        147 : 17 01 F7                   lbsr    queue_add
        14A : 1C EF                      andcc   #~CC_IRQ        ; enable IRQ
        14C : 24 F7                      bcc     putchar_retry   ; branch if queue is full
        14E : 86 B4                      lda     #RX_INT_TX_INT  ; enable Tx interrupt
        150 : B7 DF 00                   sta     ACIA_control
        153 : 35 92                      puls    a,x,pc
        155 :
        155 :                            include "mandelbrot.inc"
(1)     155 :                    ;;; -*- mode: asm; mode: flyspell-prog; -*-
(1)     155 :                            cpu     6809
(1)     155 :
(1)     155 :                    ;;; Print variable: "A=variable "
(1)     155 :                    ;;; @param X variable
(1)     155 :                    ;;; @param A variable letter
(1)     155 :                    print:
(1)     155 : BD 01 40                   jsr     putchar         ; print variable letter
(1)     158 : 86 3D                      lda     #'='
(1)     15A : BD 01 40                   jsr     putchar         ; '='
(1)     15D : 1F 10                      tfr     X,D
(1)     15F : BD 02 4F                   jsr     print_int16
(1)     162 : 7E 01 36                   jmp     putspace
(1)     165 :
(1)     165 :                    mandelbrot:
(1)     165 : 86 F4                      lda     #-12
(1)     167 : 97 30                      sta     vY              ; Y=-12
(1)     169 :                    loop_y:
(1)     169 : 86 CF                      lda     #-49
(1)     16B : 97 31                      sta     vX              ; X=-49
(1)     16D :                    loop_x:
(1)     16D : D6 31                      ldb     vX
(1)     16F : 1D                         sex                     ; D=X
(1)     170 : 8E 00 E5                   ldx     #229
(1)     173 : BD 02 A0                   jsr     mul16           ; D=X*229
(1)     176 : 8E 00 64                   ldx     #100
(1)     179 : BD 03 07                   jsr     div16           ; D=X*229/100
(1)     17C : DD 20                      std     vC              ; C=X*229/100
(1)     17E : DD 24                      std     vA              ; A=C
(1)     180 : D6 30                      ldb     vY
(1)     182 : 1D                         sex                     ; D=Y
(1)     183 : 8E 01 A0                   ldx     #416
(1)     186 : BD 02 A0                   jsr     mul16           ; R0=Y*416
(1)     189 : 8E 00 64                   ldx     #100
(1)     18C : BD 03 07                   jsr     div16           ; R0=Y*416/100
(1)     18F : DD 22                      std     vD              ; D=Y*416/100
(1)     191 : DD 26                      std     vB              ; B=D
(1)     193 : 0F 32                      clr     vI              ; I=0
(1)     195 :
(1)     195 :                            ;; ldb     vY              ; Y
(1)     195 :                            ;; sex
(1)     195 :                            ;; tfr     D,X
(1)     195 :                            ;; lda     #'Y'
(1)     195 :                            ;; jsr     print
(1)     195 :                            ;; ldb     vX              ; X
(1)     195 :                            ;; sex
(1)     195 :                            ;; tfr     D,X
(1)     195 :                            ;; lda     #'X'
(1)     195 :                            ;; jsr     print
(1)     195 :                            ;; ldx     vC              ; C
(1)     195 :                            ;; lda     #'C'
(1)     195 :                            ;; jsr     print
(1)     195 :                            ;; ldx     vD              ; D
(1)     195 :                            ;; lda     #'D'
(1)     195 :                            ;; jsr     print
(1)     195 :                            ;; jsr     newline
(1)     195 :
(1)     195 :                    loop_i:
(1)     195 : DC 26                      ldd     vB
(1)     197 : 8E 00 32                   ldx     #F
(1)     19A : BD 03 07                   jsr     div16           ; R0=B/F
(1)     19D : DD 2C                      std     vQ              ; Q=B/F
(1)     19F : 8E FF CE                   ldx     #-F
(1)     1A2 : BD 02 A0                   jsr     mul16           ; -Q*F
(1)     1A5 : D3 26                      addd    vB              ; B-Q*F
(1)     1A7 : DD 28                      std     vS              ; S=B-Q*F
(1)     1A9 : DC 26                      ldd     vB
(1)     1AB : 1F 01                      tfr     D,X
(1)     1AD : BD 02 A0                   jsr     mul16           ; B*B
(1)     1B0 : 34 06                      pshs    D               ; push B*B
(1)     1B2 : DC 24                      ldd     vA
(1)     1B4 : 1F 01                      tfr     D,X
(1)     1B6 : BD 02 A0                   jsr     mul16           ; A*A
(1)     1B9 : A3 E1                      subd    ,S++            ; A*A-B*B
(1)     1BB : 8E 00 32                   ldx     #F
(1)     1BE : BD 03 07                   jsr     div16           ; R0=(A*A-B*B)/F
(1)     1C1 : D3 20                      addd    vC
(1)     1C3 : 34 06                      pshs    D               ; push (A*A-B*B)/F+C
(1)     1C5 : DC 24                      ldd     vA
(1)     1C7 : 9E 2C                      ldx     vQ
(1)     1C9 : BD 02 A0                   jsr     mul16           ; A*Q
(1)     1CC : 34 06                      pshs    D               ; push A*Q
(1)     1CE : DC 24                      ldd     vA
(1)     1D0 : 9E 28                      ldx     vS
(1)     1D2 : BD 02 A0                   jsr     mul16           ; A*S
(1)     1D5 : 8E 00 32                   ldx     #F
(1)     1D8 : BD 03 07                   jsr     div16           ; A*S/F
(1)     1DB : E3 E1                      addd    ,S++            ; A*Q+A*S/F
(1)     1DD : 58                         lslb
(1)     1DE : 49                         rola                    ; 2*(A*Q+A*S/F)
(1)     1DF : D3 22                      addd    vD              ; 2*(A*Q+A*S/F)+D
(1)     1E1 : DD 26                      std     vB              ; B=2*(A*Q+A*S/F)+D
(1)     1E3 : 35 06                      puls    D               ; pop (A*A-B*B)/F+C
(1)     1E5 : DD 24                      std     vA              ; A=(A*A-B*B)/F+C
(1)     1E7 : 8E 00 32                   ldx     #F
(1)     1EA : BD 03 07                   jsr     div16           ; A/F
(1)     1ED : DD 2A                      std     vP              ; P=A/F
(1)     1EF : 1F 01                      tfr     D,X
(1)     1F1 : BD 02 A0                   jsr     mul16           ; P*P
(1)     1F4 : 34 06                      pshs    D               ; push P*P
(1)     1F6 : DC 26                      ldd     vB
(1)     1F8 : 8E 00 32                   ldx     #F
(1)     1FB : BD 03 07                   jsr     div16           ; B/F
(1)     1FE : DD 2C                      std     vQ              ; Q=B/F
(1)     200 : 1F 01                      tfr     D,X
(1)     202 : BD 02 A0                   jsr     mul16           ; Q*Q
(1)     205 : E3 E1                      addd    ,S++            ; P*P+Q*Q
(1)     207 : DD 2E                      std     vT              ; T=P*P+Q*Q
(1)     209 :
(1)     209 :                            ;; jsr     putspace
(1)     209 :                            ;; ldb     vI              ; I
(1)     209 :                            ;; sex
(1)     209 :                            ;; tfr     D,X
(1)     209 :                            ;; lda     #'I'
(1)     209 :                            ;; jsr     print
(1)     209 :                            ;; ldx     vA              ; A
(1)     209 :                            ;; lda     #'A'
(1)     209 :                            ;; jsr     print
(1)     209 :                            ;; ldx     vB              ; B
(1)     209 :                            ;; lda     #'B'
(1)     209 :                            ;; jsr     print
(1)     209 :                            ;; ldx     vP              ; P
(1)     209 :                            ;; lda     #'P'
(1)     209 :                            ;; jsr     print
(1)     209 :                            ;; ldx     vQ              ; Q
(1)     209 :                            ;; lda     #'Q'
(1)     209 :                            ;; jsr     print
(1)     209 :                            ;; ldx     vT              ; T
(1)     209 :                            ;; lda     #'T'
(1)     209 :                            ;; jsr     print
(1)     209 :                            ;; jsr     newline
(1)     209 :
(1)     209 :
(1)     209 : DC 2E                      ldd     vT
(1)     20B : 10 83 00 04                cmpd    #4
(1)     20F : 2E 0E                      bgt     print_i         ; if 4<T
(1)     211 : 0C 32                      inc     vI              ; I+=1
(1)     213 : 96 32                      lda     vI
(1)     215 : 81 10                      cmpa    #16
(1)     217 : 10 25 FF 7A                lblo    loop_i          ; if I<16
(1)     21B : 86 20                      lda     #' '
(1)     21D : 20 0C                      bra     print_char
(1)     21F :                    print_i:
(1)     21F : 96 32                      lda     vI
(1)     221 : 80 0A                      suba    #10
(1)     223 : 2A 04                      bpl     print_i2       ; if I>=10
(1)     225 : 8B 3A                      adda    #10+'0'
(1)     227 : 20 02                      bra     print_char
(1)     229 :                    print_i2:
(1)     229 : 8B 41                      adda    #'A'
(1)     22B :                    print_char:
(1)     22B : BD 01 40                   jsr     putchar
(1)     22E :
(1)     22E :                            ;; pshs    A
(1)     22E :                            ;; lda     #'@'
(1)     22E :                            ;; jsr     putchar
(1)     22E :                            ;; lda     #'='
(1)     22E :                            ;; jsr     putchar
(1)     22E :                            ;; puls    A
(1)     22E :                            ;; jsr     putchar
(1)     22E :                            ;; jsr     newline
(1)     22E :
(1)     22E : BD 01 28                   jsr     getchar
(1)     231 : 24 04                      bcc     next_x
(1)     233 : 4D                         tsta
(1)     234 : 26 01                      bne     next_x
(1)     236 : 3F                         swi                     ; halt to system
(1)     237 :                    next_x:
(1)     237 : 0C 31                      inc     vX              ; X+=1
(1)     239 : 96 31                      lda     vX
(1)     23B : 81 1E                      cmpa    #30
(1)     23D : 10 2D FF 2C                lblt    loop_x          ; if X<30
(1)     241 : BD 01 3A                   jsr     newline
(1)     244 : 0C 30                      inc     vY              ; Y+=1
(1)     246 : 96 30                      lda     vY
(1)     248 : 81 0D                      cmpa    #13
(1)     24A : 10 2D FF 1B                lblt    loop_y          ; if Y<13
(1)     24E : 39                         rts
        24F :                            include "arith.inc"
(1)     24F :                    ;;; -*- mode: asm; mode: flyspell-prog; -*-
(1)     24F :                            cpu     6809
(1)     24F :
(1)     24F :                    ;;; Print signed 16-bit integer as decimal
(1)     24F :                    ;;; @param D value
(1)     24F :                    ;;; @clobber X
(1)     24F :                    print_int16:
(1)     24F : 34 06                      pshs    D
(1)     251 : 4D                         tsta
(1)     252 : 2A 0C                      bpl     print_int16_print
(1)     254 : 86 2D                      lda     #'-'
(1)     256 : BD 01 40                   jsr     putchar
(1)     259 : EC E4                      ldd     ,S
(1)     25B : 43                         coma
(1)     25C : 53                         comb
(1)     25D : C3 00 01                   addd    #1              ; negate value
(1)     260 :                    print_int16_print:
(1)     260 : 8D 02                      bsr     print_uint16
(1)     262 : 35 86                      puls    D,PC
(1)     264 :
(1)     264 :                    ;;; Print unsigned 16-bit integer as decimal
(1)     264 :                    ;;; @param D value
(1)     264 :                    ;;; @clobber D X
(1)     264 :                    print_uint16:
(1)     264 : C3 00 00                   addd    #0
(1)     267 : 27 15                      beq     print_uint16_zero
(1)     269 :                    print_uint16_loop:
(1)     269 : C3 00 00                   addd    #0
(1)     26C : 27 15                      beq     print_uint16_end ; branch if value == 0
(1)     26E : 8E 00 0A                   ldx     #10
(1)     271 : BD 02 CC                   jsr     udiv16          ; D=value/10, X=value%10
(1)     274 : 1E 01                      exg     D,X
(1)     276 : 34 04                      pshs    B               ; push remainder
(1)     278 : 1E 01                      exg     D,X
(1)     27A : 8D ED                      bsr     print_uint16_loop
(1)     27C : 35 02                      puls    A
(1)     27E :                    print_uint16_zero:
(1)     27E : 8A 30                      ora     #'0'
(1)     280 : 7E 01 40                   jmp     putchar
(1)     283 :                    print_uint16_end:
(1)     283 : 39                         rts
(1)     284 :
(1)     284 :                    ;;; Unsigned multiplication: result = multiplicand * multiplier
(1)     284 :                    ;;; @param D multiplicand
(1)     284 :                    ;;; @param X multiplier
(1)     284 :                    ;;; @return D result
(1)     284 :                    umul16:
(1)     284 : 34 07                      pshs    CC,D            ; S[0]=work, S[1:2]=multiplicand
(1)     286 : 1F 10                      tfr     X,D             ; A=high(multiplier)
(1)     288 : E6 62                      ldb     2,S             ; B=low(multiplicand)
(1)     28A : 3D                         mul                     ; low(multiplicand)*high(multiplier)
(1)     28B : E7 E4                      stb     ,S              ; work
(1)     28D : 1F 10                      tfr     X,D             ; B=low(multiplier)
(1)     28F : A6 61                      lda     1,S             ; A=high(multiplicand)
(1)     291 : 3D                         mul                     ; high(multiplicand)*low(multiplier)
(1)     292 : EB E4                      addb    ,S
(1)     294 : E7 E4                      stb     ,S
(1)     296 : 1F 10                      tfr     X,D             ; B=low(multiplier)
(1)     298 : A6 62                      lda     2,S             ; A=low(multiplicand)
(1)     29A : 3D                         mul                     ; D=low(multiplicand)*low(multiplier)
(1)     29B : AB E4                      adda    ,S
(1)     29D : 32 63                      leas    3,S
(1)     29F : 39                         rts
(1)     2A0 :
(1)     2A0 :                    ;;; Multiply; result = multiplicand * multiplier
(1)     2A0 :                    ;;; @param D multiplicand
(1)     2A0 :                    ;;; @param X multiplier
(1)     2A0 :                    ;;; @return D result
(1)     2A0 :                    mul16:
(1)     2A0 : 34 06                      pshs    D
(1)     2A2 : 1F 10                      tfr     X,D
(1)     2A4 : A8 E4                      eora    ,S
(1)     2A6 : 34 02                      pshs    A               ; save hi(multiplicand^multiplier)
(1)     2A8 : EC 61                      ldd     1,S
(1)     2AA : 1E 01                      exg     D,X
(1)     2AC : 4D                         tsta
(1)     2AD : 2A 05                      bpl     mul16_multiplicand
(1)     2AF : 43                         coma
(1)     2B0 : 53                         comb
(1)     2B1 : C3 00 01                   addd    #1              ; negate multiplier
(1)     2B4 :                    mul16_multiplicand:
(1)     2B4 : 1E 01                      exg     D,X
(1)     2B6 : 4D                         tsta
(1)     2B7 : 2A 05                      bpl     mul16_multiply
(1)     2B9 : 43                         coma
(1)     2BA : 53                         comb
(1)     2BB : C3 00 01                   addd    #1              ; negate multiplicand
(1)     2BE :                    mul16_multiply:
(1)     2BE : 8D C4                      bsr     umul16          ; R0=result
(1)     2C0 : 6D E0                      tst     ,S+             ; A=(multiplicand^multiplier)
(1)     2C2 : 2A 05                      bpl     mul16_end
(1)     2C4 : 43                         coma
(1)     2C5 : 53                         comb
(1)     2C6 : C3 00 01                   addd    #1              ; negate result
(1)     2C9 :                    mul16_end:
(1)     2C9 : 32 62                      leas    2,S
(1)     2CB : 39                         rts
(1)     2CC :
(1)     2CC :                    ;;; Unsigned division: dividend / divisor = quotient ... remainder
(1)     2CC :                    ;;; @praram D dividend
(1)     2CC :                    ;;; @praram X divisor
(1)     2CC :                    ;;; @return D quotient
(1)     2CC :                    ;;; @return X remainder
(1)     2CC :                    udiv16:
(1)     2CC : 34 17                      pshs    CC,D,X          ; S[0]=bits, S[1:2]=dividend, S[3:4]=divisor
(1)     2CE : 30 84                      leax    ,X              ; X=0?
(1)     2D0 : 27 30                      beq     udiv16_end      ; divide by zero
(1)     2D2 : C6 01                      ldb     #1
(1)     2D4 : E7 E4                      stb     ,S              ; bits=1
(1)     2D6 : 1F 10                      tfr     X,D
(1)     2D8 : 20 04                      bra     udiv16_prep
(1)     2DA :                    udiv16_prep_loop:
(1)     2DA : 58                         lslb
(1)     2DB : 49                         rola                    ; divisor <<= 1
(1)     2DC : 6C E4                      inc     ,S              ; ++bits
(1)     2DE :                    udiv16_prep:
(1)     2DE : 4D                         tsta
(1)     2DF : 2A F9                      bpl     udiv16_prep_loop ; while msb(divisor) == 0
(1)     2E1 : ED 63                      std     3,S              ; update divisor
(1)     2E3 : 8E 00 00                   ldx     #0              ; X=quotient=0
(1)     2E6 : EC 61                      ldd     1,S             ; D=dividend
(1)     2E8 : 20 0A                      bra     udiv16_enter_loop
(1)     2EA :                    udiv16_loop:
(1)     2EA : 64 63                      lsr     3,S
(1)     2EC : 66 64                      ror     4,S             ; divisor >>=1
(1)     2EE : 1E 01                      exg     D,X
(1)     2F0 : 58                         lslb
(1)     2F1 : 49                         rola
(1)     2F2 : 1E 01                      exg     D,X             ; quotient <<= 1
(1)     2F4 :                    udiv16_enter_loop:
(1)     2F4 : A3 63                      subd    3,S             ; dividend -= divisor
(1)     2F6 : 25 04                      blo     udiv16_readd
(1)     2F8 : 30 01                      leax    1,X             ; quotient |= 1
(1)     2FA : 20 02                      bra     udiv16_next
(1)     2FC :                    udiv16_readd:
(1)     2FC : E3 63                      addd    3,S             ; dividend += divisor
(1)     2FE :                    udiv16_next:
(1)     2FE : 6A E4                      dec     ,S              ; --bits
(1)     300 : 26 E8                      bne     udiv16_loop     ; while bits != 0
(1)     302 :                    udiv16_end:
(1)     302 : 1E 01                      exg     D,X             ; D=quotient, X=remainder
(1)     304 : 32 65                      leas    5,S
(1)     306 : 39                         rts
(1)     307 :
(1)     307 :                    ;;; Division; dividend / divisor = quotient ... remainder
(1)     307 :                    ;;; @param D dividend
(1)     307 :                    ;;; @param X divisor
(1)     307 :                    ;;; @return D quotient
(1)     307 :                    ;;; @return X remainder
(1)     307 :                    div16:
(1)     307 : 34 06                      pshs    D
(1)     309 : 1F 10                      tfr     X,D
(1)     30B : A8 E4                      eora    ,S
(1)     30D : 34 02                      pshs    A               ; save hi(dividend^divisor)
(1)     30F : EC 61                      ldd     1,S
(1)     311 : 1E 01                      exg     D,X
(1)     313 : 4D                         tsta
(1)     314 : 2A 05                      bpl     div16_dividend
(1)     316 : 43                         coma
(1)     317 : 53                         comb
(1)     318 : C3 00 01                   addd    #1              ; negate divisor
(1)     31B :                    div16_dividend:
(1)     31B : 1E 01                      exg     D,X
(1)     31D : 4D                         tsta
(1)     31E : 2A 05                      bpl     div16_divide
(1)     320 : 43                         coma
(1)     321 : 53                         comb
(1)     322 : C3 00 01                   addd    #1              ; negate dividend
(1)     325 :                    div16_divide:
(1)     325 : 8D A5                      bsr     udiv16          ; R0=quotient
(1)     327 : 6D E0                      tst     ,S+             ; A=(dividend^divisor)
(1)     329 : 2A 05                      bpl     div16_end
(1)     32B : 43                         coma
(1)     32C : 53                         comb
(1)     32D : C3 00 01                   addd    #1              ; negate result
(1)     330 :                    div16_end:
(1)     330 : 32 62                      leas    2,S
(1)     332 : 39                         rts
        333 :                            include "queue.inc"
(1)     333 :                    ;;; -*- mode: asm; mode: flying-spell; -*-
(1)     333 :                    ;;; [queue] queue structure
(1)     333 : =0                 queue_len:      equ     0       ; queue length
(1)     333 : =1                 queue_size:     equ     1       ; buffer size
(1)     333 : =2                 queue_put:      equ     2       ; queue put index
(1)     333 : =3                 queue_get:      equ     3       ; queue get index
(1)     333 : =4                 queue_buf:      equ     4       ; buffer start offset
(1)     333 :
(1)     333 :                    ;;; [queue] Initialize queue
(1)     333 :                    ;;; @param X queue work space pointer
(1)     333 :                    ;;; @param B queue work space size
(1)     333 :                    queue_init:
(1)     333 : 34 14                      pshs    x,b
(1)     335 :                    queue_init_loop:
(1)     335 : 6F 80                      clr     ,x+
(1)     337 : 5A                         decb
(1)     338 : 26 FB                      bne     queue_init_loop
(1)     33A : 35 14                      puls    b,x
(1)     33C : C0 04                      subb    #queue_buf
(1)     33E : E7 01                      stb     queue_size,x
(1)     340 : 39                         rts
(1)     341 :
(1)     341 :                    ;;; [queue] Add an element to queue
(1)     341 :                    ;;; @param X queue work space pointer
(1)     341 :                    ;;; @param A an element
(1)     341 :                    ;;; @return CC.C 0 if queue is full
(1)     341 :                    queue_add:
(1)     341 : 34 54                      pshs    u,x,b
(1)     343 : 1F 13                      tfr     x,u
(1)     345 : E6 C4                      ldb     queue_len,u
(1)     347 : E1 41                      cmpb    queue_size,u
(1)     349 : 24 12                      bhs     queue_add_return ;carry is cleared
(1)     34B : E6 42                      ldb     queue_put,u     ; 8 bits offset
(1)     34D : 3A                         abx                     ; X+=B
(1)     34E : A7 04                      sta     queue_buf,x     ; store an element
(1)     350 : 6C C4                      inc     queue_len,u
(1)     352 : 5C                         incb
(1)     353 : E7 42                      stb     queue_put,u
(1)     355 : E1 41                      cmpb    queue_size,u
(1)     357 : 25 04                      blo     queue_add_return ; carry is set
(1)     359 : 6F 42                      clr     queue_put,u
(1)     35B : 1A 01                      orcc    #CC_CARRY       ; set carry
(1)     35D :                    queue_add_return:
(1)     35D : 35 D4                      puls    b,x,u,pc
(1)     35F :
(1)     35F :                    ;;; [queue] Remove an element from queue
(1)     35F :                    ;;; @param X queue work space pointer
(1)     35F :                    ;;; @return A an element
(1)     35F :                    ;;; @return CC.C 0 if queue is empty
(1)     35F :                    queue_remove:
(1)     35F : 6D 84                      tst     queue_len,x
(1)     361 : 26 03                      bne     queue_remove_elem
(1)     363 : 1C FE                      andcc   #~CC_CARRY      ; clear carry
(1)     365 : 39                         rts
(1)     366 :                    queue_remove_elem:
(1)     366 : 34 54                      pshs    u,x,b
(1)     368 : 1F 13                      tfr     x,u
(1)     36A : E6 43                      ldb     queue_get,u     ; 8 bits offset
(1)     36C : 3A                         abx                     ; X+=B
(1)     36D : A6 04                      lda     queue_buf,x
(1)     36F : 6A C4                      dec     queue_len,u
(1)     371 : 5C                         incb
(1)     372 : E7 43                      stb     queue_get,u
(1)     374 : E1 41                      cmpb    queue_size,u
(1)     376 : 25 04                      blo     queue_remove_return ; carry is set
(1)     378 : 6F 43                      clr     queue_get,u
(1)     37A : 1A 01                      orcc    #CC_CARRY       ; set carry
(1)     37C :                    queue_remove_return:
(1)     37C : 35 D4                      puls    b,x,u,pc
        37E :
        37E :                    isr_irq:
        37E : F6 DF 00                   ldb     ACIA_status
        381 : C5 80                      bitb    #IRQF_bm
        383 : 27 1C                      beq     isr_irq_exit
        385 : C5 01                      bitb    #RDRF_bm
        387 : 27 09                      beq     isr_irq_send
        389 : B6 DF 01                   lda     ACIA_data       ; receive character
        38C : 8E 20 00                   ldx     #rx_queue
        38F : BD 03 41                   jsr     queue_add
        392 :                    isr_irq_send:
        392 : C5 02                      bitb    #TDRE_bm
        394 : 27 0B                      beq     isr_irq_exit
        396 : 8E 20 80                   ldx     #tx_queue
        399 : BD 03 5F                   jsr     queue_remove
        39C : 24 04                      bcc     isr_irq_send_empty
        39E : B7 DF 01                   sta     ACIA_data       ; send character
        3A1 :                    isr_irq_exit:
        3A1 : 3B                         rti
        3A2 :                    isr_irq_send_empty:
        3A2 : 86 94                      lda     #RX_INT_TX_NO
        3A4 : B7 DF 00                   sta     ACIA_control    ; disable Tx interrupt
        3A7 : 3B                         rti
        3A8 :
        3A8 :                    isr_nmi:
        3A8 : 3F                         swi
